// Jest Snapshot v1, https://goo.gl/fbAQLP

exports[`renders a WatchbarCard 1`] = `
<Styled(Link)
  data-aa-livetowatch="what-to-watch-bar:block-1:eurosport-france:masters-1000-indian-wells"
  href="/article/id"
  linkComponent={[Function]}
>
  <Styled(div)>
    <Styled(div)
      src="https://i.eurosport.com/taiga/MagicBox/Crop/16_9/0_20180710-125830.jpeg?w=640"
    />
    <Styled(ChannelIcon)
      height={15}
      type="E1FR"
    />
    <Styled(PlayIcon)
      alt="play"
      className=""
      height={32}
      isLoading={false}
      isRounded={true}
    />
  </Styled(div)>
  <Styled(div)>
    <Styled(div)>
      <Responsive(LinesEllipsis)
        basedOn="letters"
        ellipsis="..."
        innerRef={[Function]}
        maxLine={2}
        text="Darts: BDO World Championship"
        trimRight={true}
      />
    </Styled(div)>
    <Styled(div)>
       - 
    </Styled(div)>
  </Styled(div)>
</Styled(Link)>
`;
