// Jest Snapshot v1, https://goo.gl/fbAQLP

exports[`<ScoreBlock /> Renders a ScoreBlock component with expected snapshot 1`] = `
<Styled(Link)
  data-test="clickable-scoreblock-wrapper"
  href="www.eurosport.fr"
  linkComponent={[Function]}
>
  <Styled(div)
    hasLeftCircle={false}
  >
    <SetsScore
      baseFontSize="14px"
      data={
        Object {
          "bottomTeam": Object {
            "hasWon": false,
            "isServing": false,
            "playerOneName": "Nadal",
            "sets": Array [
              Object {
                "score": 3,
                "set": 1,
                "tie": null,
                "won": false,
              },
              Object {
                "score": 3,
                "set": 2,
                "tie": null,
                "won": true,
              },
              Object {
                "score": 7,
                "set": 3,
                "tie": 7,
                "won": true,
              },
              Object {
                "score": 3,
                "set": 4,
                "tie": null,
                "won": false,
              },
              Object {
                "score": 6,
                "set": 5,
                "tie": null,
                "won": true,
              },
            ],
          },
          "topTeam": Object {
            "hasWon": true,
            "isServing": false,
            "playerOneName": "Federer",
            "sets": Array [
              Object {
                "score": 6,
                "set": 1,
                "tie": null,
                "won": true,
              },
              Object {
                "score": 6,
                "set": 2,
                "tie": null,
                "won": true,
              },
              Object {
                "score": 6,
                "set": 3,
                "tie": 2,
                "won": false,
              },
              Object {
                "score": 6,
                "set": 4,
                "tie": null,
                "won": true,
              },
              Object {
                "score": 3,
                "set": 5,
                "tie": null,
                "won": false,
              },
            ],
          },
        }
      }
    />
  </Styled(div)>
  <Styled(div)
    color="actionTwoLightPlus1"
    width="68px"
  >
    â–º
  </Styled(div)>
  <Styled(div)
    color="venetianRed"
    contentText="'LIVE'"
    width="68px"
  />
</Styled(Link)>
`;
